=== family=radial ===
   (0, 0, 1, 1): rank=0  sv=[0.0, 0.0, 0.0, 0.0]
   (0, 0, 1, 3): rank=1  sv=[0.28868, 0.0, 0.0, 0.0]
   (0, 1, 1, 2): rank=2  sv=[0.2132, 0.2132, 0.0, 0.0]
   (1, 0, 1, 2): rank=2  sv=[0.33029, 0.16514, 0.0, 0.0]
   (1, 1, 1, 1): rank=0  sv=[0.0, 0.0, 0.0, 0.0]
   (1, 1, 3, 3): rank=3  sv=[0.35965, 0.21812, 0.19612, 0.0]
   (2, 0, 1, 1): rank=2  sv=[0.2132, 0.2132, 0.0, 0.0]
   (2, 1, 1, 2): rank=1  sv=[0.20851, 0.0, 0.0, 0.0]
   (2, 1, 2, 3): rank=0  sv=[0.0, 0.0, 0.0, 0.0]
=== family=phase ===
   (0, 0, 1, 1): rank=0  sv=[0.0, 0.0, 0.0, 0.0]
   (0, 0, 1, 3): rank=1  sv=[0.28868, 0.0, 0.0, 0.0]
   (0, 1, 1, 2): rank=2  sv=[0.2132, 0.2132, 0.0, 0.0]
   (1, 0, 1, 2): rank=2  sv=[0.33029, 0.16514, 0.0, 0.0]
   (1, 1, 1, 1): rank=0  sv=[0.0, 0.0, 0.0, 0.0]
   (1, 1, 3, 3): rank=3  sv=[0.35965, 0.21812, 0.19612, 0.0]
   (2, 0, 1, 1): rank=2  sv=[0.2132, 0.2132, 0.0, 0.0]
   (2, 1, 1, 2): rank=1  sv=[0.20851, 0.0, 0.0, 0.0]
   (2, 1, 2, 3): rank=0  sv=[0.0, 0.0, 0.0, 0.0]

orb               rankA_real  radial_rank phase_rank
 (0, 0, 1, 1)    44         0           0
 (0, 0, 1, 3)    44         1           1
 (0, 1, 1, 2)    40         2           2
 (1, 0, 1, 2)    40         2           2
 (1, 1, 1, 1)    32         0           0
 (1, 1, 3, 3)    40         3           3
 (2, 0, 1, 1)    40         2           2
 (2, 1, 1, 2)    44         1           1
 (2, 1, 2, 3)    44         0           0
