[P2] rank{E_eta,E_sp} = 2 (must be 2)
[repro] realified metric-block ranks A_real = 2 rank(H_AA):
  orbit 0 (0, 0, 1, 1): rank A_real=44 (exp 44) rank HAQ=9 metric-only dim=1 (complex)
  orbit 1 (0, 0, 1, 3): rank A_real=44 (exp 44) rank HAQ=9 metric-only dim=1 (complex)
  orbit 2 (0, 1, 1, 2): rank A_real=40 (exp 40) rank HAQ=9 metric-only dim=1 (complex)
  orbit 3 (1, 0, 1, 2): rank A_real=40 (exp 40) rank HAQ=9 metric-only dim=1 (complex)
  orbit 4 (1, 1, 1, 1): rank A_real=32 (exp 32) rank HAQ=9 metric-only dim=1 (complex)
  orbit 5 (1, 1, 3, 3): rank A_real=40 (exp 40) rank HAQ=9 metric-only dim=1 (complex)
  orbit 6 (2, 0, 1, 1): rank A_real=40 (exp 40) rank HAQ=9 metric-only dim=1 (complex)
  orbit 7 (2, 1, 1, 2): rank A_real=44 (exp 44) rank HAQ=9 metric-only dim=1 (complex)
  orbit 8 (2, 1, 2, 3): rank A_real=44 (exp 44) rank HAQ=9 metric-only dim=1 (complex)
[P2] joined-rank test on all nine orbits:
  orbit 0 (0, 0, 1, 1): rank metric-only=2 rank[metric|Eta,Esp]=4 TWO-OBJECTS(rank4)
  orbit 1 (0, 0, 1, 3): rank metric-only=2 rank[metric|Eta,Esp]=4 TWO-OBJECTS(rank4)
  orbit 2 (0, 1, 1, 2): rank metric-only=2 rank[metric|Eta,Esp]=4 TWO-OBJECTS(rank4)
  orbit 3 (1, 0, 1, 2): rank metric-only=2 rank[metric|Eta,Esp]=4 TWO-OBJECTS(rank4)
  orbit 4 (1, 1, 1, 1): rank metric-only=2 rank[metric|Eta,Esp]=4 TWO-OBJECTS(rank4)
  orbit 5 (1, 1, 3, 3): rank metric-only=2 rank[metric|Eta,Esp]=4 TWO-OBJECTS(rank4)
  orbit 6 (2, 0, 1, 1): rank metric-only=2 rank[metric|Eta,Esp]=4 TWO-OBJECTS(rank4)
  orbit 7 (2, 1, 1, 2): rank metric-only=2 rank[metric|Eta,Esp]=4 TWO-OBJECTS(rank4)
  orbit 8 (2, 1, 2, 3): rank metric-only=2 rank[metric|Eta,Esp]=4 TWO-OBJECTS(rank4)
[P2] terminal: rank_of_joined_bases = 4 on every orbit (two distinct even 2-planes)
symbol built; HAB (24, 24) HAQ (24, 10)
saved orbit 0 (0, 0, 1, 1)
saved orbit 1 (0, 0, 1, 3)
saved orbit 2 (0, 1, 1, 2)
saved orbit 3 (1, 0, 1, 2)
saved orbit 4 (1, 1, 1, 1)
saved orbit 5 (1, 1, 3, 3)
saved orbit 6 (2, 0, 1, 1)
saved orbit 7 (2, 1, 1, 2)
saved orbit 8 (2, 1, 2, 3)
DONE
