[P2] rank{E_eta,E_sp} = 2 (must be 2)
[repro] realified metric-block ranks A_real = 2 rank(H_AA):
  orbit 0 (0, 0, 1, 1): rank A_real=44 (exp 44) rank HAQ=9 metric-only dim=1 (complex)
  orbit 1 (0, 0, 1, 3): rank A_real=44 (exp 44) rank HAQ=9 metric-only dim=1 (complex)
  orbit 2 (0, 1, 1, 2): rank A_real=40 (exp 40) rank HAQ=9 metric-only dim=1 (complex)
  orbit 3 (1, 0, 1, 2): rank A_real=40 (exp 40) rank HAQ=9 metric-only dim=1 (complex)
  orbit 4 (1, 1, 1, 1): rank A_real=32 (exp 32) rank HAQ=9 metric-only dim=1 (complex)
  orbit 5 (1, 1, 3, 3): rank A_real=40 (exp 40) rank HAQ=9 metric-only dim=1 (complex)
  orbit 6 (2, 0, 1, 1): rank A_real=40 (exp 40) rank HAQ=9 metric-only dim=1 (complex)
  orbit 7 (2, 1, 1, 2): rank A_real=44 (exp 44) rank HAQ=9 metric-only dim=1 (complex)
  orbit 8 (2, 1, 2, 3): rank A_real=44 (exp 44) rank HAQ=9 metric-only dim=1 (complex)
[P2] joined-rank test on all nine orbits:
  orbit 0 (0, 0, 1, 1): rank metric-only=2 rank[metric|Eta,Esp]=4 TWO-OBJECTS(rank4)
  orbit 1 (0, 0, 1, 3): rank metric-only=2 rank[metric|Eta,Esp]=4 TWO-OBJECTS(rank4)
  orbit 2 (0, 1, 1, 2): rank metric-only=2 rank[metric|Eta,Esp]=4 TWO-OBJECTS(rank4)
  orbit 3 (1, 0, 1, 2): rank metric-only=2 rank[metric|Eta,Esp]=4 TWO-OBJECTS(rank4)
  orbit 4 (1, 1, 1, 1): rank metric-only=2 rank[metric|Eta,Esp]=4 TWO-OBJECTS(rank4)
  orbit 5 (1, 1, 3, 3): rank metric-only=2 rank[metric|Eta,Esp]=4 TWO-OBJECTS(rank4)
  orbit 6 (2, 0, 1, 1): rank metric-only=2 rank[metric|Eta,Esp]=4 TWO-OBJECTS(rank4)
  orbit 7 (2, 1, 1, 2): rank metric-only=2 rank[metric|Eta,Esp]=4 TWO-OBJECTS(rank4)
  orbit 8 (2, 1, 2, 3): rank metric-only=2 rank[metric|Eta,Esp]=4 TWO-OBJECTS(rank4)
[P2] terminal: rank_of_joined_bases = 4 on every orbit (two distinct even 2-planes)
=== GERM->ANOMALY OPERATOR (metric-only germ -> unabsorbed connection part) ===
 orb  ids            dimkerA†  rankMG  singular values of residual family r_j
  0   (0, 0, 1, 1):    2      0   ['0.0000', '0.0000', '0.0000', '0.0000']
  1   (0, 0, 1, 3):    2      1   ['0.2887', '0.0000', '0.0000', '0.0000']
  2   (0, 1, 1, 2):    4      2   ['0.2132', '0.2132', '0.0000', '0.0000']
  3   (1, 0, 1, 2):    4      2   ['0.3303', '0.1651', '0.0000', '0.0000']
  4   (1, 1, 1, 1):    8      0   ['0.0000', '0.0000', '0.0000', '0.0000']
  5   (1, 1, 3, 3):    4      3   ['0.3596', '0.2181', '0.1961', '0.0000']
  6   (2, 0, 1, 1):    4      2   ['0.2132', '0.2132', '0.0000', '0.0000']
  7   (2, 1, 1, 2):    2      1   ['0.2085', '0.0000', '0.0000', '0.0000']
  8   (2, 1, 2, 3):    2      0   ['0.0000', '0.0000', '0.0000', '0.0000']

=== ANOMALY LINE vs OWNED OBJECTS ===
 orb  ids            ||P_anom q|| (proj of germ back onto anomaly line)  F4-ker overlap
  0   (0, 0, 1, 1):  dim ker F4= 1  overlap(anomaly, ker F4)=0.8957
  1   (0, 0, 1, 3):  dim ker F4= 0  overlap(anomaly, ker F4)=0.0000
  2   (0, 1, 1, 2):  dim ker F4= 0  overlap(anomaly, ker F4)=0.0000
  3   (1, 0, 1, 2):  dim ker F4= 0  overlap(anomaly, ker F4)=0.0000
  4   (1, 1, 1, 1):  dim ker F4= 4  overlap(anomaly, ker F4)=0.0588
  5   (1, 1, 3, 3):  dim ker F4= 0  overlap(anomaly, ker F4)=0.0000
  6   (2, 0, 1, 1):  dim ker F4= 0  overlap(anomaly, ker F4)=0.0000
  7   (2, 1, 1, 2):  dim ker F4= 0  overlap(anomaly, ker F4)=0.0000
  8   (2, 1, 2, 3):  dim ker F4= 0  overlap(anomaly, ker F4)=0.0000

F4 overlap by orbit: [0.8957, 0.0, 0.0, 0.0, 0.0588, 0.0, 0.0, 0.0, 0.0]
DONE
